# This map file was created with smap

DUPLICATED_INPUT_1_0_0
{
    global:
        a;
        b;
    local:
        *;
} ;

