# This map file was created with smap.py

RELEASE_1_1_0
{
    global:
        symbol;
    local:
        *;
} ;

