# This map file was created with symbol_version.py

RELEASE_2_0_0
{
    global:
        symbol;
    local:
        *;
} ;

