# This map file was created with symbol_version.py

OTHER_1_1_0
{
    global:
        symbol;
    local:
        *;
} ;

