# This map file was created with smap

SANITY_1_0_0
{
    global:
        symbol;
    local:
        *;
} ;

