# This map file was created with smap.py

SEPARATED_1_1_0
{
    global:
        symbol;
    local:
        *;
} ;

