Removed:
    one_symbol

Merging all symbols in a single new release
# This map file was automatically updated

TO_REMOVE_2_0_0
{
    global:
        two_symbol;
    local:
        *;
} ;

