Added:
    symbol

# This map file was updated with smap

LIBTC1_1_1_0    # Released
{
    global:
        symbol;
} LIBTC1_1_0_0;

LIBTC1_1_0_0
{
    global:
        another_symbol;
    local:
        *;
} ;

