Added:
    symbol

# This map file was automatically updated

ADD_PRESENT_1_1_0
{
    global:
        symbol;
} ADD_PRESENT_1_0_0;

ADD_PRESENT_1_0_0
{
    global:
        symbol;
    local:
        *;
} ;

