Added:
    symbol

# This map file was updated with smap

ONLY_VISIBILITY_1_1_0
{
    global:
        symbol;
} ONLY_VISIBILITY_1_0_0;

ONLY_VISIBILITY_1_0_0
{
    global:
    local:
} ;

