# This map file was automatically updated

LIBTC4_2_0_0
{
    global:
        new_symbol;
        symbol;
    local:
        *;
} ;

