Added:
    symbol

# This map file was updated with smap

SPLIT_1_1_0
{
    global:
        symbol;
} SPLIT_1_0_0;

SPLIT_1_0_0
{
    global:
        one_symbol;
        two_symbol;
    local:
        *;
} ;

