# This map file was automatically updated

LIBTC1_1_1_0
{
    global:
        new_symbol;
} LIBTC1_1_0_0;

LIBTC1_1_0_0
{
    global:
        another_symbol;
        symbol;
    local:
        *;
} ;

