# This map file was automatically updated

LIBTC2_2_0_0
{
    global:
        another_symbol;
    local:
        *;
} ;

