Added:
    symbol

Removed:
    another_symbol
    one_more_symbol
    other_symbol

