Added:
    symbol

Removed:
    one_symbol
    three_symbol
    two_symbol
    zero_symbol

