symbol
Added:
    symbol

Removed:
    another_symbol
    other_symbol

