Added:
    symbol

# This map file was updated with smap

EXISTING_1_0_0
{
    global:
        existing_symbol;
        symbol;
    local:
        *;
} ;

